// Jest Snapshot v1, https://goo.gl/fbAQLP

exports[`TabReviews render correctly 1`] = `
<div
  className="movie-card__reviews movie-card__row"
>
  <div
    className="movie-card__reviews-col"
  >
    <div
      className="review"
    >
      <blockquote
        className="review__quote"
      >
        <p
          className="review__text"
        >
          Test text 1
        </p>
        <footer
          className="review__details"
        >
          <cite
            className="review__author"
          >
            Test author 1
          </cite>
          <time
            className="review__date"
            dateTime="2016-12-24"
          >
            December 10, 2010
          </time>
        </footer>
      </blockquote>
      <div
        className="review__rating"
      >
        7.9
      </div>
    </div>
    <div
      className="review"
    >
      <blockquote
        className="review__quote"
      >
        <p
          className="review__text"
        >
          Test text 2
        </p>
        <footer
          className="review__details"
        >
          <cite
            className="review__author"
          >
            Test author 2
          </cite>
          <time
            className="review__date"
            dateTime="2016-12-24"
          >
            December 20, 2020
          </time>
        </footer>
      </blockquote>
      <div
        className="review__rating"
      >
        8
      </div>
    </div>
  </div>
  <div
    className="movie-card__reviews-col"
  >
    <div
      className="review"
    >
      <blockquote
        className="review__quote"
      >
        <p
          className="review__text"
        >
          Test text 3
        </p>
        <footer
          className="review__details"
        >
          <cite
            className="review__author"
          >
            Test author 3
          </cite>
          <time
            className="review__date"
            dateTime="2016-12-24"
          >
            December 30, 2030
          </time>
        </footer>
      </blockquote>
      <div
        className="review__rating"
      >
        9
      </div>
    </div>
  </div>
</div>
`;
